.next/dev/types/validator.ts(162,31): error TS2344: Type 'typeof import("C:/Users/tiago/OneDrive/Ambiente de Trabalho/Autoluzes/autoluzes/app/api/images/[id]/route")' does not satisfy the constraint 'RouteHandlerConfig<"/api/images/[id]">'.
  Types of property 'GET' are incompatible.
    Type '(request: NextRequest, { params }: { params: { id: string; }; }) => Promise<Response>' is not assignable to type '(request: NextRequest, context: { params: Promise<{ id: string; }>; }) => void | Response | Promise<void | Response>'.
      Types of parameters '__1' and 'context' are incompatible.
        Type '{ params: Promise<{ id: string; }>; }' is not assignable to type '{ params: { id: string; }; }'.
          Types of property 'params' are incompatible.
            Property 'id' is missing in type 'Promise<{ id: string; }>' but required in type '{ id: string; }'.
.next/dev/types/validator.ts(171,31): error TS2344: Type 'typeof import("C:/Users/tiago/OneDrive/Ambiente de Trabalho/Autoluzes/autoluzes/app/api/reports/[id]/route")' does not satisfy the constraint 'RouteHandlerConfig<"/api/reports/[id]">'.
  Types of property 'GET' are incompatible.
    Type '(request: NextRequest, { params }: { params: { id: string; }; }) => Promise<NextResponse<{ error: string; }> | NextResponse<{ report: { reportedBy: (FlattenMaps<IUser> & Required<...> & { ...; }) | null; ... 71 more ...; __v: number; }; }>>' is not assignable to type '(request: NextRequest, context: { params: Promise<{ id: string; }>; }) => void | Response | Promise<void | Response>'.
      Types of parameters '__1' and 'context' are incompatible.
        Type '{ params: Promise<{ id: string; }>; }' is not assignable to type '{ params: { id: string; }; }'.
          Types of property 'params' are incompatible.
            Property 'id' is missing in type 'Promise<{ id: string; }>' but required in type '{ id: string; }'.
.next/types/validator.ts(162,31): error TS2344: Type 'typeof import("C:/Users/tiago/OneDrive/Ambiente de Trabalho/Autoluzes/autoluzes/app/api/images/[id]/route")' does not satisfy the constraint 'RouteHandlerConfig<"/api/images/[id]">'.
  Types of property 'GET' are incompatible.
    Type '(request: NextRequest, { params }: { params: { id: string; }; }) => Promise<Response>' is not assignable to type '(request: NextRequest, context: { params: Promise<{ id: string; }>; }) => void | Response | Promise<void | Response>'.
      Types of parameters '__1' and 'context' are incompatible.
        Type '{ params: Promise<{ id: string; }>; }' is not assignable to type '{ params: { id: string; }; }'.
          Types of property 'params' are incompatible.
            Property 'id' is missing in type 'Promise<{ id: string; }>' but required in type '{ id: string; }'.
.next/types/validator.ts(171,31): error TS2344: Type 'typeof import("C:/Users/tiago/OneDrive/Ambiente de Trabalho/Autoluzes/autoluzes/app/api/reports/[id]/route")' does not satisfy the constraint 'RouteHandlerConfig<"/api/reports/[id]">'.
  Types of property 'GET' are incompatible.
    Type '(request: NextRequest, { params }: { params: { id: string; }; }) => Promise<NextResponse<{ error: string; }> | NextResponse<{ report: { reportedBy: (FlattenMaps<IUser> & Required<...> & { ...; }) | null; ... 71 more ...; __v: number; }; }>>' is not assignable to type '(request: NextRequest, context: { params: Promise<{ id: string; }>; }) => void | Response | Promise<void | Response>'.
      Types of parameters '__1' and 'context' are incompatible.
        Type '{ params: Promise<{ id: string; }>; }' is not assignable to type '{ params: { id: string; }; }'.
          Types of property 'params' are incompatible.
            Property 'id' is missing in type 'Promise<{ id: string; }>' but required in type '{ id: string; }'.
app/api/reports/[id]/route.ts(28,20): error TS2551: Property 'reportedBy' does not exist on type 'FlattenMaps<IReport> & Required<{ _id: ObjectId; }> & { __v: number; }'. Did you mean 'reporter'?
app/api/reports/[id]/route.ts(29,57): error TS2551: Property 'reportedBy' does not exist on type 'FlattenMaps<IReport> & Required<{ _id: ObjectId; }> & { __v: number; }'. Did you mean 'reporter'?
app/api/test-gemini/route.ts(19,40): error TS2339: Property 'listModels' does not exist on type 'GoogleGenerativeAI'.
app/api/test-gemini/route.ts(23,36): error TS7006: Parameter 'm' implicitly has an 'any' type.
i18n.ts(7,33): error TS2345: Argument of type '({ locale }: GetRequestConfigParams) => Promise<{ messages: any; }>' is not assignable to parameter of type '(params: GetRequestConfigParams) => RequestConfig | Promise<RequestConfig>'.
  Type 'Promise<{ messages: any; }>' is not assignable to type 'RequestConfig | Promise<RequestConfig>'.
    Type 'Promise<{ messages: any; }>' is not assignable to type 'Promise<RequestConfig>'.
      Type '{ messages: any; }' is not assignable to type 'RequestConfig'.
        Property 'locale' is missing in type '{ messages: any; }' but required in type '{ locale: string; }'.
models/Vehicle.ts(4,18): error TS2430: Interface 'IVehicle' incorrectly extends interface 'Document<ObjectId, any, any, Record<string, any>, {}>'.
  Types of property 'model' are incompatible.
    Type 'string | undefined' is not assignable to type '{ <ModelType = Model<unknown, {}, {}, {}, Document<unknown, {}, unknown, {}, {}> & { _id: ObjectId; } & { __v: number; }, any>>(name: string): ModelType; <ModelType = Model<any, {}, {}, {}, any, any>>(): ModelType; }'.
      Type 'undefined' is not assignable to type '{ <ModelType = Model<unknown, {}, {}, {}, Document<unknown, {}, unknown, {}, {}> & { _id: ObjectId; } & { __v: number; }, any>>(name: string): ModelType; <ModelType = Model<any, {}, {}, {}, any, any>>(): ModelType; }'.
